[debug] [2026-09-07T18:01:59.918Z] ----------------------------------------------------------------------
[debug] [2026-09-07T18:01:59.921Z] Command:       C:\nvm4w\nodejs\node.exe C:\nvm4w\nodejs\node_modules\firebase-tools\lib\bin\firebase.js deploy
[debug] [2026-09-07T18:01:59.922Z] CLI Version:   15.29.0
[debug] [2026-09-07T18:01:59.922Z] Platform:      win32
[debug] [2026-09-07T18:01:59.922Z] Node Version:  v22.23.2
[debug] [2026-09-07T18:01:59.922Z] Detected Agent: unknown
[debug] [2026-09-07T18:01:59.923Z] Time:          Mon Sep 07 2026 23:31:59 GMT+0530 (India Standard Time)
[debug] [2026-09-07T18:01:59.923Z] ----------------------------------------------------------------------
[debug] 
[debug] [2026-09-07T18:02:09.698Z] > command requires scopes: ["email","openid","https://www.googleapis.com/auth/cloudplatformprojects.readonly","https://www.googleapis.com/auth/firebase","https://www.googleapis.com/auth/cloud-platform"]
[debug] [2026-09-07T18:02:09.699Z] > authorizing via signed-in user (mahantajoy1234@gmail.com)
[debug] [2026-09-07T18:02:09.699Z] [iam] checking project civilaffairsmanagementsystem for permissions ["datastore.indexes.create","datastore.indexes.delete","datastore.indexes.list","datastore.indexes.update","firebase.projects.get"]
[debug] [2026-09-07T18:02:09.712Z] Checked if tokens are valid: true, expires at: 1788806485420
[debug] [2026-09-07T18:02:09.713Z] Checked if tokens are valid: true, expires at: 1788806485420
[debug] [2026-09-07T18:02:09.714Z] >>> [apiv2][query] POST https://cloudresourcemanager.googleapis.com/v1/projects/civilaffairsmanagementsystem:testIamPermissions [none]
[debug] [2026-09-07T18:02:09.714Z] >>> [apiv2][(partial)header] POST https://cloudresourcemanager.googleapis.com/v1/projects/civilaffairsmanagementsystem:testIamPermissions  x-goog-user-project=civilaffairsmanagementsystem
[debug] [2026-09-07T18:02:09.714Z] >>> [apiv2][body] POST https://cloudresourcemanager.googleapis.com/v1/projects/civilaffairsmanagementsystem:testIamPermissions {"permissions":["datastore.indexes.create","datastore.indexes.delete","datastore.indexes.list","datastore.indexes.update","firebase.projects.get"]}
[debug] [2026-09-07T18:02:11.421Z] <<< [apiv2][status] POST https://cloudresourcemanager.googleapis.com/v1/projects/civilaffairsmanagementsystem:testIamPermissions 200
[debug] [2026-09-07T18:02:11.422Z] <<< [apiv2][body] POST https://cloudresourcemanager.googleapis.com/v1/projects/civilaffairsmanagementsystem:testIamPermissions {"permissions":["datastore.indexes.create","datastore.indexes.delete","datastore.indexes.list","datastore.indexes.update","firebase.projects.get"]}
[info] 
[info] === Deploying to 'civilaffairsmanagementsystem'...
[info] 
[info] i  deploying firestore 
[info] i  firestore: ensuring required API firestore.googleapis.com is enabled... 
[info] i  firestore: ensuring required API firestore.googleapis.com is enabled... 
[debug] [2026-09-07T18:02:11.431Z] Checked if tokens are valid: true, expires at: 1788806485420
[debug] [2026-09-07T18:02:11.432Z] Checked if tokens are valid: true, expires at: 1788806485420
[debug] [2026-09-07T18:02:11.432Z] >>> [apiv2][query] GET https://firestore.googleapis.com/v1/projects/civilaffairsmanagementsystem/databases/(default) [none]
